WARNING: You are currently using Node.js v22.22.0, which is not supported by Hardhat. This can lead to unexpected behavior. See https://hardhat.org/nodejs-versions


Warning: Unused function parameter. Remove or comment out the variable name to silence this warning.
   --> contracts/liquidation/IncentiveDistributor.sol:227:32:
    |
227 |     function getPendingRewards(address liquidator) external view returns (uint256 pendingRewards) {
    |                                ^^^^^^^^^^^^^^^^^^


Warning: Unused function parameter. Remove or comment out the variable name to silence this warning.
   --> contracts/liquidation/IncentiveDistributor.sol:280:38:
    |
280 |     function _distributeToLiquidator(uint256 positionId, uint256 amount) internal {
    |                                      ^^^^^^^^^^^^^^^^^^


Warning: Unused local variable.
   --> contracts/liquidation/LiquidationEngine.sol:145:43:
    |
145 |         (uint256 reward, uint256 penalty, uint256 newHealthFactor) = _calculateLiquidation(
    |                                           ^^^^^^^^^^^^^^^^^^^^^^^


Warning: Unused function parameter. Remove or comment out the variable name to silence this warning.
   --> contracts/liquidation/LiquidationEngine.sol:286:9:
    |
286 |         uint256 liquidationPrice
    |         ^^^^^^^^^^^^^^^^^^^^^^^^


Warning: Unused local variable.
   --> contracts/liquidation/LiquidationEngine.sol:289:9:
    |
289 |         IPerpEngine.PositionView memory position = perpEngine.getPosition(positionId);
    |         ^^^^^^^^^^^^^^^^^^^^^^^^^^^^^^^^^^^^^^^^


Warning: Unused function parameter. Remove or comment out the variable name to silence this warning.
   --> contracts/liquidation/LiquidationEngine.sol:386:9:
    |
386 |         uint256 liquidationPrice,
    |         ^^^^^^^^^^^^^^^^^^^^^^^^


Warning: Unused function parameter. Remove or comment out the variable name to silence this warning.
   --> contracts/liquidation/LiquidationEngine.sol:387:9:
    |
387 |         uint256 penalty
    |         ^^^^^^^^^^^^^^^


Warning: Function state mutability can be restricted to pure
   --> contracts/liquidation/IncentiveDistributor.sol:227:5:
    |
227 |     function getPendingRewards(address liquidator) external view returns (uint256 pendingRewards) {
    |     ^ (Relevant source part starts here and spans across multiple lines).


Warning: Function state mutability can be restricted to pure
   --> contracts/liquidation/IncentiveDistributor.sol:280:5:
    |
280 |     function _distributeToLiquidator(uint256 positionId, uint256 amount) internal {
    |     ^ (Relevant source part starts here and spans across multiple lines).


Warning: Function state mutability can be restricted to pure
   --> contracts/liquidation/IncentiveDistributor.sol:430:5:
    |
430 |     function _calculateReservedAmount() private view returns (uint256) {
    |     ^ (Relevant source part starts here and spans across multiple lines).


Warning: Function state mutability can be restricted to view
   --> contracts/liquidation/LiquidationEngine.sol:514:5:
    |
514 |     function setIncentiveMultiplier(uint256 newMultiplier) external onlyPerpEngine {
    |     ^ (Relevant source part starts here and spans across multiple lines).


Compiled 2 Solidity files successfully (evm target: paris).


  ⚡ LiquidationEngine - Unit Tests
    ⚡ Liquidation Execution
      ✔ Should execute liquidation successfully (360ms)
      1) Should revert if position is not in queue
      ✔ Should revert if grace period not passed (147ms)


  2 passing (5s)
  1 failing

  1) ⚡ LiquidationEngine - Unit Tests
       ⚡ Liquidation Execution
         Should revert if position is not in queue:
     AssertionError: Expected transaction to be reverted with reason 'Not in queue', but it reverted with reason 'Invalid position'
      at processTicksAndRejections (node:internal/process/task_queues:105:5)
      at Context.<anonymous> (test/unit/LiquidationEngine.test.cjs:176:9)



